// Jest Snapshot v1, https://goo.gl/fbAQLP

exports[`IdInput should render well 1`] = `
<section class="id-input" placeholder="Please input">
  <input placeholder="Please input">
</section>
`;
