// Jest Snapshot v1, https://goo.gl/fbAQLP

exports[`Button should render well 1`] = `<button class="id-button id-button--primary"><span>Click Me!</span></button>`;
